Microchip MPLAB XC8 Compiler V1.31 ()

Linker command line:

--edf=C:\Program Files (x86)\Microchip\xc8\v1.31\dat\en_msgs.txt -cs \
  -h+dist/default/production\Projeto1XC8.X.production.sym \
  --cmf=dist/default/production\Projeto1XC8.X.production.cmf -z -Q18F4550 \
  -oC:\Users\Sandro\AppData\Local\Temp\s4io.6 \
  -Mdist/default/production/Projeto1XC8.X.production.map -E1 -ver=XC8 \
  -ASTACK=060h-07ffh -pstack=STACK \
  -ACODE=01000h-01005h,01008h-01015h,01018h-07FFFh \
  -ACONST=01000h-01005h,01008h-01015h,01018h-07FFFh \
  -ASMALLCONST=01000h-01005h,01008h-01015h,01018h-010FFh,01100h-011FFhx111 \
  -AMEDIUMCONST=01000h-01005h,01008h-01015h,01018h-07FFFh -ACOMRAM=01h-05Fh \
  -AABS1=00h-07FFh -ABIGRAM=01h-07FFh -ARAM=060h-0FFh,0100h-01FFhx7 \
  -ABANK0=060h-0FFh -ABANK1=0100h-01FFh -ABANK2=0200h-02FFh \
  -ABANK3=0300h-03FFh -ABANK4=0400h-04FFh -ABANK5=0500h-05FFh \
  -ABANK6=0600h-06FFh -ABANK7=0700h-07FFh -ASFR=0F60h-0FFFh \
  -preset_vec=01000h,intcode=01008h,intcodelo,powerup,init,end_init \
  -pramtop=0800h -psmallconst=SMALLCONST -pmediumconst=MEDIUMCONST \
  -pconst=CONST -AFARRAM=00h-00h -ACONFIG=0300000h-030000Dh -pconfig=CONFIG \
  -AIDLOC=0200000h-0200007h -pidloc=IDLOC -AEEDATA=0F00000h-0F000FFh \
  -peeprom_data=EEDATA \
  -prdata=COMRAM,nvrram=COMRAM,nvbit=COMRAM,rbss=COMRAM,rbit=COMRAM \
  -pfarbss=FARRAM,fardata=FARRAM,nvFARRAM=FARRAM \
  -pintsave_regs=BIGRAM,bigbss=BIGRAM,bigdata=BIGRAM -pbss=RAM \
  -pidata=CODE,irdata=CODE,ibigdata=CODE,ifardata=CODE \
  C:\Users\Sandro\AppData\Local\Temp\s4io.obj \
  dist/default/production\Projeto1XC8.X.production.obj 

Object code version is 3.11

Machine type is 18F4550

Call graph: (short form)




                Name                               Link     Load   Length Selector   Space Scale
C:\Users\Sandro\AppData\Local\Temp\s4io.obj
                end_init                           1018     1018        4      804       0
                reset_vec                          1000     1000        4      800       0
                idloc                            200000   200000        8   200000       0
                config                           300000   300000        E   300000       0
dist/default/production\Projeto1XC8.X.production.obj
                intcode                            1008     1008       10      804       0
                smallconst                         101C     101C       28      80E       0
                intcode_body                       7546     7546       68     3AA3       0
                text21                             72E4     72E4       12     3972       0
                text20                             72D0     72D0        8     3968       0
                text19                             74E0     74E0       66     3A70       0
                text18                             7C14     7C14      12C     3E0A       0
                text17                             7AEC     7AEC      128     3D76       0
                text16                             7618     7618       6C     3B0C       0
                text15                             73DE     73DE       48     39EF       0
                text14                             76F0     76F0       9C     3B78       0
                text13                             7426     7426       56     3A13       0
                text12                             7308     7308       1C     3984       0
                text11                             7684     7684       6C     3B42       0
                text10                             72F6     72F6       12     397B       0
                text9                              7D40     7D40      15A     3EA0       0
                text8                              75AE     75AE       6A     3AD7       0
                text7                              747C     747C       64     3A3E       0
                text6                              7828     7828       B0     3C14       0
                text5                              79DE     79DE      10E     3CEF       0
                text4                              735A     735A       3E     39AD       0
                text3                              778C     778C       9C     3BC6       0
                text2                              7398     7398       46     39CC       0
                text1                              7E9A     7E9A      166     3F4D       0
                text0                              78D8     78D8      106     3C6C       0
                cstackCOMRAM                          1        1       37        1       1
                dataCOMRAM                           50       50        C        1       1
                bssCOMRAM                            38       38       18        1       1
                cinit                              7324     7324       36     3992       0
                idataCOMRAM                        72D8     72D8        C     72D8       0

TOTAL           Name                               Link     Load   Length     Space
        CLASS   STACK          

        CLASS   CODE           
                end_init                           1018     1018        4         0
                intcode                            1008     1008       10         0
                reset_vec                          1000     1000        4         0
                intcode_body                       7546     7546       68         0
                text21                             72E4     72E4       12         0
                text20                             72D0     72D0        8         0
                text19                             74E0     74E0       66         0
                text18                             7C14     7C14      12C         0
                text17                             7AEC     7AEC      128         0
                text16                             7618     7618       6C         0
                text15                             73DE     73DE       48         0
                text14                             76F0     76F0       9C         0
                text13                             7426     7426       56         0
                text12                             7308     7308       1C         0
                text11                             7684     7684       6C         0
                text10                             72F6     72F6       12         0
                text9                              7D40     7D40      15A         0
                text8                              75AE     75AE       6A         0
                text7                              747C     747C       64         0
                text6                              7828     7828       B0         0
                text5                              79DE     79DE      10E         0
                text4                              735A     735A       3E         0
                text3                              778C     778C       9C         0
                text2                              7398     7398       46         0
                text1                              7E9A     7E9A      166         0
                text0                              78D8     78D8      106         0
                cinit                              7324     7324       36         0
                idataCOMRAM                        72D8     72D8        C         0

        CLASS   CONST          

        CLASS   SMALLCONST     
                smallconst                         101C     101C       28         0

        CLASS   MEDIUMCONST    

        CLASS   COMRAM         
                cstackCOMRAM                          1        1       37         1
                dataCOMRAM                           50       50        C         1
                bssCOMRAM                            38       38       18         1

        CLASS   ABS1           

        CLASS   BIGRAM         

        CLASS   RAM            

        CLASS   BANK0          

        CLASS   BANK1          

        CLASS   BANK2          

        CLASS   BANK3          

        CLASS   BANK4          

        CLASS   BANK5          

        CLASS   BANK6          

        CLASS   BANK7          

        CLASS   SFR            

        CLASS   FARRAM         

        CLASS   CONFIG         
                config                           300000   300000        E         0

        CLASS   IDLOC          
                idloc                            200000   200000        8         0

        CLASS   EEDATA         



SEGMENTS        Name                           Load    Length   Top    Selector   Space  Class

                cstackCOMRAM                   000001  00005B  00005C         1       1  COMRAM  
                reset_vec                      001000  000004  001004       800       0  CODE    
                intcode                        001008  000014  00101C       804       0  CODE    
                smallconst                     00101C  000028  001044       80E       0  SMALLCON
                text20                         0072D0  000008  0072D8      3968       0  CODE    
                idataCOMRAM                    0072D8  00000C  0072E4      72D8       0  CODE    
                text21                         0072E4  000012  0072F6      3972       0  CODE    
                text10                         0072F6  000012  007308      397B       0  CODE    
                text12                         007308  00001C  007324      3984       0  CODE    
                cinit                          007324  000036  00735A      3992       0  CODE    
                text4                          00735A  00003E  007398      39AD       0  CODE    
                text2                          007398  000046  0073DE      39CC       0  CODE    
                text15                         0073DE  000048  007426      39EF       0  CODE    
                text13                         007426  000056  00747C      3A13       0  CODE    
                text7                          00747C  000064  0074E0      3A3E       0  CODE    
                text19                         0074E0  000066  007546      3A70       0  CODE    
                intcode_body                   007546  000068  0075AE      3AA3       0  CODE    
                text8                          0075AE  00006A  007618      3AD7       0  CODE    
                text16                         007618  00006C  007684      3B0C       0  CODE    
                text11                         007684  00006C  0076F0      3B42       0  CODE    
                text14                         0076F0  00009C  00778C      3B78       0  CODE    
                text3                          00778C  00009C  007828      3BC6       0  CODE    
                text6                          007828  0000B0  0078D8      3C14       0  CODE    
                text0                          0078D8  000106  0079DE      3C6C       0  CODE    
                text5                          0079DE  00010E  007AEC      3CEF       0  CODE    
                text17                         007AEC  000128  007C14      3D76       0  CODE    
                text18                         007C14  00012C  007D40      3E0A       0  CODE    
                text9                          007D40  00015A  007E9A      3EA0       0  CODE    
                text1                          007E9A  000166  008000      3F4D       0  CODE    
                idloc                          200000  000008  200008    200000       0  IDLOC   
                config                         300000  00000E  30000E    300000       0  CONFIG  


UNUSED ADDRESS RANGES

        Name                Unused          Largest block    Delta
        BANK0            000060-0000FF               A0
        BANK1            000100-0001FF              100
        BANK2            000200-0002FF              100
        BANK3            000300-0003FF              100
        BANK4            000400-0004FF              100
        BANK5            000500-0005FF              100
        BANK6            000600-0006FF              100
        BANK7            000700-0007FF              100
        BIGRAM           00005C-0007FF              7A4
        CODE             001004-001005                2
                         001044-0072CF             628C
        COMRAM           00005C-00005F                4
        CONST            001004-001005                2
                         001044-0072CF             628C
        EEDATA           F00000-F000FF              100
        FARRAM           000000-000000                1
        MEDIUMCONST      001004-001005                2
                         001044-0072CF             628C
        RAM              000060-0007FF              100
        SFR              000F60-000FFF               A0
        SMALLCONST       001004-001005                2
                         001044-0072CF              100
        STACK            000060-0007FF              7A0

                                  Symbol Table

?___awdiv                   cstackCOMRAM 00000F
?___awmod                   cstackCOMRAM 00000F
?___lwdiv                   cstackCOMRAM 000016
?___lwmod                   cstackCOMRAM 00001E
?_le_AD10bits               cstackCOMRAM 000014
?_sprintf                   cstackCOMRAM 000024
CGRAM_SanUSB@i              cstackCOMRAM 000019
CGRAM_SanUSB@j              cstackCOMRAM 00001A
CGRAM_SanUSB@location       cstackCOMRAM 000018
CGRAM_SanUSB@ptr            cstackCOMRAM 000013
Delay1KTCYx@unit            cstackCOMRAM 00000F
Lcd_Chr@Chr                 cstackCOMRAM 000014
Lcd_Chr@data                cstackCOMRAM 000016
Lcd_Chr@x                   cstackCOMRAM 000013
Lcd_Chr@y                   cstackCOMRAM 000015
Lcd_Chr_CP@Chr_CP           cstackCOMRAM 000012
Lcd_Cmd@Cmd                 cstackCOMRAM 000012
_ADCON0                     (abs)        000FC2
_ADCON0bits                 (abs)        000FC2
_ADCON1                     (abs)        000FC1
_ADCON2                     (abs)        000FC0
_ADCON2bits                 (abs)        000FC0
_ADRES                      (abs)        000FC3
_ADRESH                     (abs)        000FC4
_BAUDCON                    (abs)        000FB8
_BAUDCONbits                (abs)        000FB8
_CCP1CON                    (abs)        000FBD
_CCP2CON                    (abs)        000FBA
_CCPR1L                     (abs)        000FBE
_CCPR2L                     (abs)        000FBB
_CGRAM_SanUSB               text16       007618
_Delay1KTCYx                text21       0072E4
_Delay_5500us               text20       0072D0
_Delay_5us                  text19       0074E0
_EEADR                      (abs)        000FA9
_EECON1                     (abs)        000FA6
_EECON1bits                 (abs)        000FA6
_EECON2                     (abs)        000FA7
_EEDATA                     (abs)        000FA8
_INTCON2bits                (abs)        000FF1
_INTCON3bits                (abs)        000FF0
_INTCONbits                 (abs)        000FF2
_IPR1bits                   (abs)        000F9F
_LATA                       (abs)        000F89
_LATB                       (abs)        000F8A
_LATBbits                   (abs)        000F8A
_LATC                       (abs)        000F8B
_Lcd_Chr                    text15       0073DE
_Lcd_Chr_CP                 text18       007C14
_Lcd_Cmd                    text17       007AEC
_OSCCON                     (abs)        000FD3
_OSCCONbits                 (abs)        000FD3
_PIE1bits                   (abs)        000F9D
_PIE2bits                   (abs)        000FA0
_PORTAbits                  (abs)        000F80
_PORTBbits                  (abs)        000F81
_PORTCbits                  (abs)        000F82
_PORTDbits                  (abs)        000F83
_PR2                        (abs)        000FCB
_R                          dataCOMRAM   000050
_RCONbits                   (abs)        000FD0
_RCSTA                      (abs)        000FAB
_REG                        dataCOMRAM   000052
_REGad                      dataCOMRAM   000053
_SPBRG                      (abs)        000FAF
_SPBRGH                     (abs)        000FB0
_T0CON                      (abs)        000FD5
_T0CONbits                  (abs)        000FD5
_T1CON                      (abs)        000FCD
_T1CONbits                  (abs)        000FCD
_T2CON                      (abs)        000FCA
_T2CONbits                  (abs)        000FCA
_T3CON                      (abs)        000FB1
_T3CONbits                  (abs)        000FB1
_TMR0H                      (abs)        000FD7
_TMR0L                      (abs)        000FD6
_TMR1H                      (abs)        000FCF
_TMR1L                      (abs)        000FCE
_TMR3H                      (abs)        000FB3
_TMR3L                      (abs)        000FB2
_TRISA                      (abs)        000F92
_TRISAbits                  (abs)        000F92
_TRISB                      (abs)        000F93
_TRISBbits                  (abs)        000F93
_TRISC                      (abs)        000F94
_TRISCbits                  (abs)        000F94
_TRISDbits                  (abs)        000F95
_TXREG                      (abs)        000FAD
_TXSTA                      (abs)        000FAC
_TXSTAbits                  (abs)        000FAC
_WDTCONbits                 (abs)        000FD1
__HRAM                      (abs)        000000
__Habs1                     abs1         000000
__Hbank0                    bank0        000000
__Hbank1                    bank1        000000
__Hbank2                    bank2        000000
__Hbank3                    bank3        000000
__Hbank4                    bank4        000000
__Hbank5                    bank5        000000
__Hbank6                    bank6        000000
__Hbank7                    bank7        000000
__Hbigbss                   bigbss       000000
__Hbigdata                  bigdata      000000
__Hbigram                   bigram       000000
__Hbss                      bss          000000
__HbssCOMRAM                bssCOMRAM    000000
__Hcinit                    cinit        000000
__Hclrtext                  clrtext      000000
__Hcomram                   comram       000000
__Hconfig                   config       30000E
__Hconst                    const        000000
__HcstackCOMRAM             cstackCOMRAM 000000
__Hdata                     data         000000
__HdataCOMRAM               dataCOMRAM   000000
__Heeprom_data              eeprom_data  000000
__Hend_init                 end_init     00101C
__Hfarbss                   farbss       000000
__Hfardata                  fardata      000000
__Hibigdata                 ibigdata     000000
__Hidata                    idata        000000
__HidataCOMRAM              idataCOMRAM  000000
__Hidloc                    idloc        200008
__Hifardata                 ifardata     000000
__Hinit                     init         001018
__Hintcode                  intcode      001018
__Hintcode_body             intcode_body 000000
__Hintcodelo                intcodelo    001018
__Hintentry                 intentry     000000
__Hintret                   intret       000000
__Hintsave_regs             intsave_regs 000000
__Hirdata                   irdata       000000
__Hmediumconst              mediumconst  000000
__HnvFARRAM                 nvFARRAM     000000
__Hnvbit                    nvbit        000000
__Hnvrram                   nvrram       000000
__Hparam                    rparam       000000
__Hpowerup                  powerup      001018
__Hram                      ram          000000
__Hramtop                   ramtop       000800
__Hrbit                     rbit         000000
__Hrbss                     rbss         000000
__Hrdata                    rdata        000000
__Hreset_vec                reset_vec    001004
__Hrparam                   rparam       000000
__Hsfr                      sfr          000000
__Hsmallconst               smallconst   001044
__Hstack                    stack        000000
__Hstruct                   struct       000000
__Htemp                     temp         000000
__Htext                     text         000000
__Htext0                    text0        000000
__Htext1                    text1        000000
__Htext10                   text10       000000
__Htext11                   text11       000000
__Htext12                   text12       000000
__Htext13                   text13       000000
__Htext14                   text14       000000
__Htext15                   text15       000000
__Htext16                   text16       000000
__Htext17                   text17       000000
__Htext18                   text18       000000
__Htext19                   text19       000000
__Htext2                    text2        000000
__Htext20                   text20       000000
__Htext21                   text21       000000
__Htext3                    text3        000000
__Htext4                    text4        000000
__Htext5                    text5        000000
__Htext6                    text6        000000
__Htext7                    text7        000000
__Htext8                    text8        000000
__Htext9                    text9        000000
__LRAM                      (abs)        000001
__Labs1                     abs1         000000
__Lbank0                    bank0        000000
__Lbank1                    bank1        000000
__Lbank2                    bank2        000000
__Lbank3                    bank3        000000
__Lbank4                    bank4        000000
__Lbank5                    bank5        000000
__Lbank6                    bank6        000000
__Lbank7                    bank7        000000
__Lbigbss                   bigbss       000000
__Lbigdata                  bigdata      000000
__Lbigram                   bigram       000000
__Lbss                      bss          000000
__LbssCOMRAM                bssCOMRAM    000000
__Lcinit                    cinit        000000
__Lclrtext                  clrtext      000000
__Lcomram                   comram       000000
__Lconfig                   config       300000
__Lconst                    const        000000
__LcstackCOMRAM             cstackCOMRAM 000000
__Ldata                     data         000000
__LdataCOMRAM               dataCOMRAM   000000
__Leeprom_data              eeprom_data  000000
__Lend_init                 end_init     001018
__Lfarbss                   farbss       000000
__Lfardata                  fardata      000000
__Libigdata                 ibigdata     000000
__Lidata                    idata        000000
__LidataCOMRAM              idataCOMRAM  000000
__Lidloc                    idloc        200000
__Lifardata                 ifardata     000000
__Linit                     init         001018
__Lintcode                  intcode      001008
__Lintcode_body             intcode_body 000000
__Lintcodelo                intcodelo    001018
__Lintentry                 intentry     000000
__Lintret                   intret       000000
__Lintsave_regs             intsave_regs 000000
__Lirdata                   irdata       000000
__Lmediumconst              mediumconst  000000
__LnvFARRAM                 nvFARRAM     000000
__Lnvbit                    nvbit        000000
__Lnvrram                   nvrram       000000
__Lparam                    rparam       000000
__Lpowerup                  powerup      001018
__Lram                      ram          000000
__Lramtop                   ramtop       000800
__Lrbit                     rbit         000000
__Lrbss                     rbss         000000
__Lrdata                    rdata        000000
__Lreset_vec                reset_vec    001000
__Lrparam                   rparam       000000
__Lsfr                      sfr          000000
__Lsmallconst               smallconst   00101C
__Lstack                    stack        000000
__Lstruct                   struct       000000
__Ltemp                     temp         000000
__Ltext                     text         000000
__Ltext0                    text0        000000
__Ltext1                    text1        000000
__Ltext10                   text10       000000
__Ltext11                   text11       000000
__Ltext12                   text12       000000
__Ltext13                   text13       000000
__Ltext14                   text14       000000
__Ltext15                   text15       000000
__Ltext16                   text16       000000
__Ltext17                   text17       000000
__Ltext18                   text18       000000
__Ltext19                   text19       000000
__Ltext2                    text2        000000
__Ltext20                   text20       000000
__Ltext21                   text21       000000
__Ltext3                    text3        000000
__Ltext4                    text4        000000
__Ltext5                    text5        000000
__Ltext6                    text6        000000
__Ltext7                    text7        000000
__Ltext8                    text8        000000
__Ltext9                    text9        000000
__S0                        (abs)        30000E
__S1                        (abs)        00005C
__S2                        (abs)        000000
___awdiv                    text6        007828
___awdiv@counter            cstackCOMRAM 000014
___awdiv@dividend           cstackCOMRAM 00000F
___awdiv@divisor            cstackCOMRAM 000011
___awdiv@quotient           cstackCOMRAM 000016
___awdiv@sign               cstackCOMRAM 000015
___awmod                    text14       0076F0
___awmod@counter            cstackCOMRAM 000014
___awmod@dividend           cstackCOMRAM 00000F
___awmod@divisor            cstackCOMRAM 000011
___awmod@sign               cstackCOMRAM 000015
___inthi_sp                 stack        000000
___intlo_sp                 stack        000000
___lwdiv                    text13       007426
___lwdiv@counter            cstackCOMRAM 00001D
___lwdiv@dividend           cstackCOMRAM 000016
___lwdiv@divisor            cstackCOMRAM 000018
___lwdiv@quotient           cstackCOMRAM 00001B
___lwmod                    text2        007398
___lwmod@counter            cstackCOMRAM 000023
___lwmod@dividend           cstackCOMRAM 00001E
___lwmod@divisor            cstackCOMRAM 000020
___sp                       stack        000000
__accesstop                 (abs)        000060
__activetblptr              (abs)        000002
__end_of_CGRAM_SanUSB       text16       007684
__end_of_Delay1KTCYx        text21       0072F6
__end_of_Delay_5500us       text20       0072D8
__end_of_Delay_5us          text19       007546
__end_of_Lcd_Chr            text15       007426
__end_of_Lcd_Chr_CP         text18       007D40
__end_of_Lcd_Cmd            text17       007C14
__end_of___awdiv            text6        0078D8
__end_of___awmod            text14       00778C
__end_of___lwdiv            text13       00747C
__end_of___lwmod            text2        0073DE
__end_of__initialization    cinit        007350
__end_of__stringdata        smallconst   001042
__end_of_clock_int_4MHz     text11       0076F0
__end_of_dpowers            smallconst   001027
__end_of_habilita_canal_AD  text10       007308
__end_of_interrupcao        intcode_body 0075AE
__end_of_inverte_saida      text9        007E9A
__end_of_lcd_escreve        text8        007618
__end_of_lcd_escreve2       text7        0074E0
__end_of_lcd_ini            text5        007AEC
__end_of_le_AD10bits        text3        007828
__end_of_le_eeprom          text12       007324
__end_of_main               text0        0079DE
__end_of_sprintf            text1        008000
__end_of_tempo_ms           text4        007398
__initialization            cinit        007324
__mediumconst               mediumconst  000000
__pbssCOMRAM                bssCOMRAM    000038
__pcinit                    cinit        007324
__pcstackCOMRAM             cstackCOMRAM 000001
__pdataCOMRAM               dataCOMRAM   000050
__pidataCOMRAM              idataCOMRAM  0072D8
__pintcode                  intcode      001008
__pintcode_body             intcode_body 007546
__psmallconst               smallconst   00101C
__ptext0                    text0        0078D8
__ptext1                    text1        007E9A
__ptext10                   text10       0072F6
__ptext11                   text11       007684
__ptext12                   text12       007308
__ptext13                   text13       007426
__ptext14                   text14       0076F0
__ptext15                   text15       0073DE
__ptext16                   text16       007618
__ptext17                   text17       007AEC
__ptext18                   text18       007C14
__ptext19                   text19       0074E0
__ptext2                    text2        007398
__ptext20                   text20       0072D0
__ptext21                   text21       0072E4
__ptext3                    text3        00778C
__ptext4                    text4        00735A
__ptext5                    text5        0079DE
__ptext6                    text6        007828
__ptext7                    text7        00747C
__ptext8                    text8        0075AE
__ptext9                    text9        007D40
__ramtop                    ramtop       000800
__size_of_CGRAM_SanUSB      (abs)        000000
__size_of_Delay1KTCYx       (abs)        000000
__size_of_Delay_5500us      (abs)        000000
__size_of_Delay_5us         (abs)        000000
__size_of_Lcd_Chr           (abs)        000000
__size_of_Lcd_Chr_CP        (abs)        000000
__size_of_Lcd_Cmd           (abs)        000000
__size_of___awdiv           (abs)        000000
__size_of___awmod           (abs)        000000
__size_of___lwdiv           (abs)        000000
__size_of___lwmod           (abs)        000000
__size_of_clock_int_4MHz    (abs)        000000
__size_of_habilita_canal_AD (abs)        000000
__size_of_interrupcao       (abs)        000000
__size_of_inverte_saida     (abs)        000000
__size_of_lcd_escreve       (abs)        000000
__size_of_lcd_escreve2      (abs)        000000
__size_of_lcd_ini           (abs)        000000
__size_of_le_AD10bits       (abs)        000000
__size_of_le_eeprom         (abs)        000000
__size_of_main              (abs)        000000
__size_of_sprintf           (abs)        000000
__size_of_tempo_ms          (abs)        000000
__smallconst                smallconst   00101C
__stringdata                smallconst   001027
_buffer1                    bssCOMRAM    00003C
_clock_int_4MHz             text11       007684
_dpowers                    smallconst   00101D
_habilita_canal_AD          text10       0072F6
_i                          bssCOMRAM    000038
_interrupcao                intcode      001008
_inverte_saida              text9        007D40
_k                          bssCOMRAM    00003A
_lcd_escreve                text8        0075AE
_lcd_escreve2               text7        00747C
_lcd_ini                    text5        0079DE
_le_AD10bits                text3        00778C
_le_eeprom                  text12       007308
_main                       text0        0078D8
_s                          bssCOMRAM    00003B
_sino                       dataCOMRAM   000054
_sprintf                    text1        007E9A
_tempo_ms                   text4        00735A
end_of_initialization       cinit        007350
habilita_canal_AD@canal     cstackCOMRAM 00000F
int_func                    intcode_body 007546
intlevel0                   text         000000
intlevel1                   text         000000
intlevel2                   text         000000
intlevel3                   text         000000
inverte_saida@pino          cstackCOMRAM 00000F
lcd_escreve2@buffer         cstackCOMRAM 000014
lcd_escreve2@data           cstackCOMRAM 000017
lcd_escreve2@x              cstackCOMRAM 000013
lcd_escreve2@y              cstackCOMRAM 000016
lcd_escreve@buffer          cstackCOMRAM 000014
lcd_escreve@data            cstackCOMRAM 000017
lcd_escreve@x               cstackCOMRAM 000013
lcd_escreve@y               cstackCOMRAM 000016
lcd_ini@data                cstackCOMRAM 000019
le_AD10bits@conv            cstackCOMRAM 000016
le_eeprom@endereco          cstackCOMRAM 00000F
sprintf@_val                cstackCOMRAM 000030
sprintf@ap                  cstackCOMRAM 00002C
sprintf@c                   cstackCOMRAM 000035
sprintf@f                   cstackCOMRAM 000026
sprintf@flag                cstackCOMRAM 00002E
sprintf@prec                cstackCOMRAM 00002F
sprintf@sp                  cstackCOMRAM 000024
stackhi                     (abs)        0007FF
stacklo                     (abs)        000060
start                       init         001018
start_initialization        cinit        007324
tempo_ms@i                  cstackCOMRAM 000010
tempo_ms@k                  cstackCOMRAM 000012


FUNCTION INFORMATION:

 *************** function _main *****************
 Defined at:
		line 11 in file "ExemploLCD.c"
 Parameters:    Size  Location     Type
		None
 Auto vars:     Size  Location     Type
		None
 Return value:  Size  Location     Type
		None               void
 Registers used:
		wreg, fsr2l, fsr2h, status,2, status,0, tblptrl, tblptrh, tblptru, prodl, prodh, cstack
 Tracked objects:
		On entry : 
		On exit  : 
		Unchanged: 
 Data sizes:     COMRAM   BANK0   BANK1   BANK2   BANK3   BANK4   BANK5   BANK6   BANK7
      Params:         0       0       0       0       0       0       0       0       0
      Locals:         0       0       0       0       0       0       0       0       0
      Temps:          2       0       0       0       0       0       0       0       0
      Totals:         2       0       0       0       0       0       0       0       0
Total ram usage:        2 bytes
 Hardware stack levels required when called:    5
 This function calls:
		_CGRAM_SanUSB
		_Lcd_Chr
		_Lcd_Cmd
		_clock_int_4MHz
		_habilita_canal_AD
		_inverte_saida
		_lcd_escreve
		_lcd_escreve2
		_lcd_ini
		_le_AD10bits
		_sprintf
		_tempo_ms
 This function is called by:
		Startup code after reset
 This function uses a non-reentrant model


 *************** function _sprintf *****************
 Defined at:
		line 492 in file "C:\Program Files (x86)\Microchip\xc8\v1.31\sources\common\doprnt.c"
 Parameters:    Size  Location     Type
  sp              2   35[COMRAM] PTR unsigned char 
		 -> buffer1(20), 
  f               2   37[COMRAM] PTR const unsigned char 
		 -> STR_3(5), 
 Auto vars:     Size  Location     Type
  _val            5   47[COMRAM] struct .
  ap              2   43[COMRAM] PTR void [1]
		 -> ?_sprintf(2), 
  c               1   52[COMRAM] char 
  prec            1   46[COMRAM] char 
  flag            1   45[COMRAM] unsigned char 
 Return value:  Size  Location     Type
                  2   35[COMRAM] int 
 Registers used:
		wreg, fsr2l, fsr2h, status,2, status,0, tblptrl, tblptrh, tblptru, prodl, prodh, cstack
 Tracked objects:
		On entry : 
		On exit  : 
		Unchanged: 
 Data sizes:     COMRAM   BANK0   BANK1   BANK2   BANK3   BANK4   BANK5   BANK6   BANK7
      Params:         6       0       0       0       0       0       0       0       0
      Locals:        10       0       0       0       0       0       0       0       0
      Temps:          2       0       0       0       0       0       0       0       0
      Totals:        18       0       0       0       0       0       0       0       0
Total ram usage:       18 bytes
 Hardware stack levels used:    1
 Hardware stack levels required when called:    2
 This function calls:
		___lwdiv
		___lwmod
 This function is called by:
		_main
 This function uses a non-reentrant model


 *************** function ___lwmod *****************
 Defined at:
		line 8 in file "C:\Program Files (x86)\Microchip\xc8\v1.31\sources\common\lwmod.c"
 Parameters:    Size  Location     Type
  dividend        2   29[COMRAM] unsigned int 
  divisor         2   31[COMRAM] unsigned int 
 Auto vars:     Size  Location     Type
  counter         1   34[COMRAM] unsigned char 
 Return value:  Size  Location     Type
                  2   29[COMRAM] unsigned int 
 Registers used:
		wreg, status,2, status,0
 Tracked objects:
		On entry : 
		On exit  : 
		Unchanged: 
 Data sizes:     COMRAM   BANK0   BANK1   BANK2   BANK3   BANK4   BANK5   BANK6   BANK7
      Params:         4       0       0       0       0       0       0       0       0
      Locals:         1       0       0       0       0       0       0       0       0
      Temps:          1       0       0       0       0       0       0       0       0
      Totals:         6       0       0       0       0       0       0       0       0
Total ram usage:        6 bytes
 Hardware stack levels used:    1
 Hardware stack levels required when called:    1
 This function calls:
		Nothing
 This function is called by:
		_sprintf
		_sendnum
 This function uses a non-reentrant model


 *************** function _le_AD10bits *****************
 Defined at:
		line 366 in file "SanUSB1X.h"
 Parameters:    Size  Location     Type
  conv            1    wreg     unsigned char 
 Auto vars:     Size  Location     Type
  conv            1   21[COMRAM] unsigned char 
 Return value:  Size  Location     Type
                  2   19[COMRAM] unsigned int 
 Registers used:
		wreg, status,2, status,0, cstack
 Tracked objects:
		On entry : 
		On exit  : 
		Unchanged: 
 Data sizes:     COMRAM   BANK0   BANK1   BANK2   BANK3   BANK4   BANK5   BANK6   BANK7
      Params:         2       0       0       0       0       0       0       0       0
      Locals:         1       0       0       0       0       0       0       0       0
      Temps:          0       0       0       0       0       0       0       0       0
      Totals:         3       0       0       0       0       0       0       0       0
Total ram usage:        3 bytes
 Hardware stack levels used:    1
 Hardware stack levels required when called:    3
 This function calls:
		_tempo_ms
 This function is called by:
		_main
 This function uses a non-reentrant model


 *************** function _tempo_ms *****************
 Defined at:
		line 322 in file "SanUSB1X.h"
 Parameters:    Size  Location     Type
  i               2   15[COMRAM] unsigned int 
 Auto vars:     Size  Location     Type
  k               2   17[COMRAM] unsigned int 
 Return value:  Size  Location     Type
		None               void
 Registers used:
		wreg, status,2, status,0, cstack
 Tracked objects:
		On entry : 
		On exit  : 
		Unchanged: 
 Data sizes:     COMRAM   BANK0   BANK1   BANK2   BANK3   BANK4   BANK5   BANK6   BANK7
      Params:         2       0       0       0       0       0       0       0       0
      Locals:         2       0       0       0       0       0       0       0       0
      Temps:          0       0       0       0       0       0       0       0       0
      Totals:         4       0       0       0       0       0       0       0       0
Total ram usage:        4 bytes
 Hardware stack levels used:    1
 Hardware stack levels required when called:    2
 This function calls:
		_Delay1KTCYx
 This function is called by:
		_le_AD10bits
		_main
		_le_AD8bits
 This function uses a non-reentrant model


 *************** function _lcd_ini *****************
 Defined at:
		line 111 in file "lcd.h"
 Parameters:    Size  Location     Type
		None
 Auto vars:     Size  Location     Type
  data            1   24[COMRAM] unsigned char 
 Return value:  Size  Location     Type
		None               void
 Registers used:
		wreg, status,2, status,0, prodl, cstack
 Tracked objects:
		On entry : 
		On exit  : 
		Unchanged: 
 Data sizes:     COMRAM   BANK0   BANK1   BANK2   BANK3   BANK4   BANK5   BANK6   BANK7
      Params:         0       0       0       0       0       0       0       0       0
      Locals:         1       0       0       0       0       0       0       0       0
      Temps:          1       0       0       0       0       0       0       0       0
      Totals:         2       0       0       0       0       0       0       0       0
Total ram usage:        2 bytes
 Hardware stack levels used:    1
 Hardware stack levels required when called:    4
 This function calls:
		_Delay_5500us
		_Delay_5us
		_Lcd_Cmd
		___awdiv
 This function is called by:
		_main
 This function uses a non-reentrant model


 *************** function ___awdiv *****************
 Defined at:
		line 8 in file "C:\Program Files (x86)\Microchip\xc8\v1.31\sources\common\awdiv.c"
 Parameters:    Size  Location     Type
  dividend        2   14[COMRAM] int 
  divisor         2   16[COMRAM] int 
 Auto vars:     Size  Location     Type
  quotient        2   21[COMRAM] int 
  sign            1   20[COMRAM] unsigned char 
  counter         1   19[COMRAM] unsigned char 
 Return value:  Size  Location     Type
                  2   14[COMRAM] int 
 Registers used:
		wreg, status,2, status,0, prodl
 Tracked objects:
		On entry : 
		On exit  : 
		Unchanged: 
 Data sizes:     COMRAM   BANK0   BANK1   BANK2   BANK3   BANK4   BANK5   BANK6   BANK7
      Params:         4       0       0       0       0       0       0       0       0
      Locals:         4       0       0       0       0       0       0       0       0
      Temps:          1       0       0       0       0       0       0       0       0
      Totals:         9       0       0       0       0       0       0       0       0
Total ram usage:        9 bytes
 Hardware stack levels used:    1
 Hardware stack levels required when called:    1
 This function calls:
		Nothing
 This function is called by:
		_lcd_ini
		_SetaPWM1
		_SetaPWM2
 This function uses a non-reentrant model


 *************** function _lcd_escreve2 *****************
 Defined at:
		line 159 in file "lcd.h"
 Parameters:    Size  Location     Type
  y               1    wreg     unsigned char 
  x               1   18[COMRAM] unsigned char 
  buffer          2   19[COMRAM] PTR unsigned char 
		 -> buffer1(20), 
 Auto vars:     Size  Location     Type
  y               1   21[COMRAM] unsigned char 
  data            1   22[COMRAM] unsigned char 
 Return value:  Size  Location     Type
		None               void
 Registers used:
		wreg, fsr2l, fsr2h, status,2, status,0, cstack
 Tracked objects:
		On entry : 
		On exit  : 
		Unchanged: 
 Data sizes:     COMRAM   BANK0   BANK1   BANK2   BANK3   BANK4   BANK5   BANK6   BANK7
      Params:         3       0       0       0       0       0       0       0       0
      Locals:         2       0       0       0       0       0       0       0       0
      Temps:          0       0       0       0       0       0       0       0       0
      Totals:         5       0       0       0       0       0       0       0       0
Total ram usage:        5 bytes
 Hardware stack levels used:    1
 Hardware stack levels required when called:    4
 This function calls:
		_Lcd_Chr_CP
		_Lcd_Cmd
 This function is called by:
		_main
 This function uses a non-reentrant model


 *************** function _lcd_escreve *****************
 Defined at:
		line 142 in file "lcd.h"
 Parameters:    Size  Location     Type
  y               1    wreg     unsigned char 
  x               1   18[COMRAM] unsigned char 
  buffer          2   19[COMRAM] PTR const unsigned char 
		 -> STR_2(9), STR_1(13), 
 Auto vars:     Size  Location     Type
  y               1   21[COMRAM] unsigned char 
  data            1   22[COMRAM] unsigned char 
 Return value:  Size  Location     Type
		None               void
 Registers used:
		wreg, status,2, status,0, tblptrl, tblptrh, tblptru, cstack
 Tracked objects:
		On entry : 
		On exit  : 
		Unchanged: 
 Data sizes:     COMRAM   BANK0   BANK1   BANK2   BANK3   BANK4   BANK5   BANK6   BANK7
      Params:         3       0       0       0       0       0       0       0       0
      Locals:         2       0       0       0       0       0       0       0       0
      Temps:          0       0       0       0       0       0       0       0       0
      Totals:         5       0       0       0       0       0       0       0       0
Total ram usage:        5 bytes
 Hardware stack levels used:    1
 Hardware stack levels required when called:    4
 This function calls:
		_Lcd_Chr_CP
		_Lcd_Cmd
 This function is called by:
		_main
 This function uses a non-reentrant model


 *************** function _inverte_saida *****************
 Defined at:
		line 253 in file "SanUSB1X.h"
 Parameters:    Size  Location     Type
  pino            2   14[COMRAM] unsigned int 
 Auto vars:     Size  Location     Type
		None
 Return value:  Size  Location     Type
		None               void
 Registers used:
		wreg, status,2, status,0
 Tracked objects:
		On entry : 
		On exit  : 
		Unchanged: 
 Data sizes:     COMRAM   BANK0   BANK1   BANK2   BANK3   BANK4   BANK5   BANK6   BANK7
      Params:         2       0       0       0       0       0       0       0       0
      Locals:         0       0       0       0       0       0       0       0       0
      Temps:          2       0       0       0       0       0       0       0       0
      Totals:         4       0       0       0       0       0       0       0       0
Total ram usage:        4 bytes
 Hardware stack levels used:    1
 Hardware stack levels required when called:    1
 This function calls:
		Nothing
 This function is called by:
		_main
 This function uses a non-reentrant model


 *************** function _habilita_canal_AD *****************
 Defined at:
		line 343 in file "SanUSB1X.h"
 Parameters:    Size  Location     Type
  canal           1    wreg     unsigned char 
 Auto vars:     Size  Location     Type
  canal           1   14[COMRAM] unsigned char 
 Return value:  Size  Location     Type
		None               void
 Registers used:
		wreg, status,2, status,0
 Tracked objects:
		On entry : 
		On exit  : 
		Unchanged: 
 Data sizes:     COMRAM   BANK0   BANK1   BANK2   BANK3   BANK4   BANK5   BANK6   BANK7
      Params:         0       0       0       0       0       0       0       0       0
      Locals:         1       0       0       0       0       0       0       0       0
      Temps:          0       0       0       0       0       0       0       0       0
      Totals:         1       0       0       0       0       0       0       0       0
Total ram usage:        1 bytes
 Hardware stack levels used:    1
 Hardware stack levels required when called:    1
 This function calls:
		Nothing
 This function is called by:
		_main
 This function uses a non-reentrant model


 *************** function _clock_int_4MHz *****************
 Defined at:
		line 466 in file "SanUSB1X.h"
 Parameters:    Size  Location     Type
		None
 Auto vars:     Size  Location     Type
		None
 Return value:  Size  Location     Type
		None               void
 Registers used:
		wreg, status,2, status,0, prodl, cstack
 Tracked objects:
		On entry : 
		On exit  : 
		Unchanged: 
 Data sizes:     COMRAM   BANK0   BANK1   BANK2   BANK3   BANK4   BANK5   BANK6   BANK7
      Params:         0       0       0       0       0       0       0       0       0
      Locals:         0       0       0       0       0       0       0       0       0
      Temps:          0       0       0       0       0       0       0       0       0
      Totals:         0       0       0       0       0       0       0       0       0
Total ram usage:        0 bytes
 Hardware stack levels used:    1
 Hardware stack levels required when called:    2
 This function calls:
		___awmod
		___lwdiv
		_le_eeprom
 This function is called by:
		_main
 This function uses a non-reentrant model


 *************** function _le_eeprom *****************
 Defined at:
		line 456 in file "SanUSB1X.h"
 Parameters:    Size  Location     Type
  endereco        1    wreg     unsigned char 
 Auto vars:     Size  Location     Type
  endereco        1   14[COMRAM] unsigned char 
 Return value:  Size  Location     Type
                  1    wreg      unsigned char 
 Registers used:
		wreg, status,2
 Tracked objects:
		On entry : 
		On exit  : 
		Unchanged: 
 Data sizes:     COMRAM   BANK0   BANK1   BANK2   BANK3   BANK4   BANK5   BANK6   BANK7
      Params:         0       0       0       0       0       0       0       0       0
      Locals:         1       0       0       0       0       0       0       0       0
      Temps:          0       0       0       0       0       0       0       0       0
      Totals:         1       0       0       0       0       0       0       0       0
Total ram usage:        1 bytes
 Hardware stack levels used:    1
 Hardware stack levels required when called:    1
 This function calls:
		Nothing
 This function is called by:
		_clock_int_4MHz
 This function uses a non-reentrant model


 *************** function ___lwdiv *****************
 Defined at:
		line 8 in file "C:\Program Files (x86)\Microchip\xc8\v1.31\sources\common\lwdiv.c"
 Parameters:    Size  Location     Type
  dividend        2   21[COMRAM] unsigned int 
  divisor         2   23[COMRAM] unsigned int 
 Auto vars:     Size  Location     Type
  quotient        2   26[COMRAM] unsigned int 
  counter         1   28[COMRAM] unsigned char 
 Return value:  Size  Location     Type
                  2   21[COMRAM] unsigned int 
 Registers used:
		wreg, status,2, status,0
 Tracked objects:
		On entry : 
		On exit  : 
		Unchanged: 
 Data sizes:     COMRAM   BANK0   BANK1   BANK2   BANK3   BANK4   BANK5   BANK6   BANK7
      Params:         4       0       0       0       0       0       0       0       0
      Locals:         3       0       0       0       0       0       0       0       0
      Temps:          1       0       0       0       0       0       0       0       0
      Totals:         8       0       0       0       0       0       0       0       0
Total ram usage:        8 bytes
 Hardware stack levels used:    1
 Hardware stack levels required when called:    1
 This function calls:
		Nothing
 This function is called by:
		_clock_int_4MHz
		_sprintf
		_sendnum
 This function uses a non-reentrant model


 *************** function ___awmod *****************
 Defined at:
		line 8 in file "C:\Program Files (x86)\Microchip\xc8\v1.31\sources\common\awmod.c"
 Parameters:    Size  Location     Type
  dividend        2   14[COMRAM] int 
  divisor         2   16[COMRAM] int 
 Auto vars:     Size  Location     Type
  sign            1   20[COMRAM] unsigned char 
  counter         1   19[COMRAM] unsigned char 
 Return value:  Size  Location     Type
                  2   14[COMRAM] int 
 Registers used:
		wreg, status,2, status,0, prodl
 Tracked objects:
		On entry : 
		On exit  : 
		Unchanged: 
 Data sizes:     COMRAM   BANK0   BANK1   BANK2   BANK3   BANK4   BANK5   BANK6   BANK7
      Params:         4       0       0       0       0       0       0       0       0
      Locals:         2       0       0       0       0       0       0       0       0
      Temps:          1       0       0       0       0       0       0       0       0
      Totals:         7       0       0       0       0       0       0       0       0
Total ram usage:        7 bytes
 Hardware stack levels used:    1
 Hardware stack levels required when called:    1
 This function calls:
		Nothing
 This function is called by:
		_clock_int_4MHz
 This function uses a non-reentrant model


 *************** function _Lcd_Chr *****************
 Defined at:
		line 176 in file "lcd.h"
 Parameters:    Size  Location     Type
  y               1    wreg     unsigned char 
  x               1   18[COMRAM] unsigned char 
  Chr             1   19[COMRAM] unsigned char 
 Auto vars:     Size  Location     Type
  y               1   20[COMRAM] unsigned char 
  data            1   21[COMRAM] unsigned char 
 Return value:  Size  Location     Type
		None               void
 Registers used:
		wreg, status,2, status,0, cstack
 Tracked objects:
		On entry : 
		On exit  : 
		Unchanged: 
 Data sizes:     COMRAM   BANK0   BANK1   BANK2   BANK3   BANK4   BANK5   BANK6   BANK7
      Params:         2       0       0       0       0       0       0       0       0
      Locals:         2       0       0       0       0       0       0       0       0
      Temps:          0       0       0       0       0       0       0       0       0
      Totals:         4       0       0       0       0       0       0       0       0
Total ram usage:        4 bytes
 Hardware stack levels used:    1
 Hardware stack levels required when called:    4
 This function calls:
		_Lcd_Chr_CP
		_Lcd_Cmd
 This function is called by:
		_main
 This function uses a non-reentrant model


 *************** function _CGRAM_SanUSB *****************
 Defined at:
		line 216 in file "lcd.h"
 Parameters:    Size  Location     Type
  location        1    wreg     unsigned char 
  ptr             2   18[COMRAM] PTR unsigned char 
		 -> sino(8), 
 Auto vars:     Size  Location     Type
  location        1   23[COMRAM] unsigned char 
  j               1   25[COMRAM] unsigned char 
  i               1   24[COMRAM] unsigned char 
 Return value:  Size  Location     Type
		None               void
 Registers used:
		wreg, fsr2l, fsr2h, status,2, status,0, prodl, prodh, cstack
 Tracked objects:
		On entry : 
		On exit  : 
		Unchanged: 
 Data sizes:     COMRAM   BANK0   BANK1   BANK2   BANK3   BANK4   BANK5   BANK6   BANK7
      Params:         2       0       0       0       0       0       0       0       0
      Locals:         3       0       0       0       0       0       0       0       0
      Temps:          3       0       0       0       0       0       0       0       0
      Totals:         8       0       0       0       0       0       0       0       0
Total ram usage:        8 bytes
 Hardware stack levels used:    1
 Hardware stack levels required when called:    4
 This function calls:
		_Lcd_Chr_CP
		_Lcd_Cmd
 This function is called by:
		_main
 This function uses a non-reentrant model


 *************** function _Lcd_Cmd *****************
 Defined at:
		line 202 in file "lcd.h"
 Parameters:    Size  Location     Type
  Cmd             1    wreg     unsigned char 
 Auto vars:     Size  Location     Type
  Cmd             1   17[COMRAM] unsigned char 
 Return value:  Size  Location     Type
		None               void
 Registers used:
		wreg, status,2, status,0, cstack
 Tracked objects:
		On entry : 
		On exit  : 
		Unchanged: 
 Data sizes:     COMRAM   BANK0   BANK1   BANK2   BANK3   BANK4   BANK5   BANK6   BANK7
      Params:         0       0       0       0       0       0       0       0       0
      Locals:         1       0       0       0       0       0       0       0       0
      Temps:          2       0       0       0       0       0       0       0       0
      Totals:         3       0       0       0       0       0       0       0       0
Total ram usage:        3 bytes
 Hardware stack levels used:    1
 Hardware stack levels required when called:    3
 This function calls:
		_Delay_5500us
		_Delay_5us
 This function is called by:
		_lcd_ini
		_lcd_escreve
		_lcd_escreve2
		_Lcd_Chr
		_CGRAM_SanUSB
		_main
 This function uses a non-reentrant model


 *************** function _Lcd_Chr_CP *****************
 Defined at:
		line 188 in file "lcd.h"
 Parameters:    Size  Location     Type
  Chr_CP          1    wreg     unsigned char 
 Auto vars:     Size  Location     Type
  Chr_CP          1   17[COMRAM] unsigned char 
 Return value:  Size  Location     Type
		None               void
 Registers used:
		wreg, status,2, status,0, cstack
 Tracked objects:
		On entry : 
		On exit  : 
		Unchanged: 
 Data sizes:     COMRAM   BANK0   BANK1   BANK2   BANK3   BANK4   BANK5   BANK6   BANK7
      Params:         0       0       0       0       0       0       0       0       0
      Locals:         1       0       0       0       0       0       0       0       0
      Temps:          2       0       0       0       0       0       0       0       0
      Totals:         3       0       0       0       0       0       0       0       0
Total ram usage:        3 bytes
 Hardware stack levels used:    1
 Hardware stack levels required when called:    3
 This function calls:
		_Delay_5500us
		_Delay_5us
 This function is called by:
		_lcd_escreve
		_lcd_escreve2
		_Lcd_Chr
		_CGRAM_SanUSB
 This function uses a non-reentrant model


 *************** function _Delay_5us *****************
 Defined at:
		line 91 in file "lcd.h"
 Parameters:    Size  Location     Type
		None
 Auto vars:     Size  Location     Type
		None
 Return value:  Size  Location     Type
		None               void
 Registers used:
		None
 Tracked objects:
		On entry : 
		On exit  : 
		Unchanged: 
 Data sizes:     COMRAM   BANK0   BANK1   BANK2   BANK3   BANK4   BANK5   BANK6   BANK7
      Params:         0       0       0       0       0       0       0       0       0
      Locals:         0       0       0       0       0       0       0       0       0
      Temps:          0       0       0       0       0       0       0       0       0
      Totals:         0       0       0       0       0       0       0       0       0
Total ram usage:        0 bytes
 Hardware stack levels used:    1
 Hardware stack levels required when called:    1
 This function calls:
		Nothing
 This function is called by:
		_lcd_ini
		_Lcd_Chr_CP
		_Lcd_Cmd
 This function uses a non-reentrant model


 *************** function _Delay_5500us *****************
 Defined at:
		line 104 in file "lcd.h"
 Parameters:    Size  Location     Type
		None
 Auto vars:     Size  Location     Type
		None
 Return value:  Size  Location     Type
		None               void
 Registers used:
		wreg, cstack
 Tracked objects:
		On entry : 
		On exit  : 
		Unchanged: 
 Data sizes:     COMRAM   BANK0   BANK1   BANK2   BANK3   BANK4   BANK5   BANK6   BANK7
      Params:         0       0       0       0       0       0       0       0       0
      Locals:         0       0       0       0       0       0       0       0       0
      Temps:          0       0       0       0       0       0       0       0       0
      Totals:         0       0       0       0       0       0       0       0       0
Total ram usage:        0 bytes
 Hardware stack levels used:    1
 Hardware stack levels required when called:    2
 This function calls:
		_Delay1KTCYx
 This function is called by:
		_lcd_ini
		_Lcd_Chr_CP
		_Lcd_Cmd
 This function uses a non-reentrant model


 *************** function _Delay1KTCYx *****************
 Defined at:
		line 8 in file "C:\Program Files (x86)\Microchip\xc8\v1.31\sources\pic18\d1ktcyx.c"
 Parameters:    Size  Location     Type
  unit            1    wreg     unsigned char 
 Auto vars:     Size  Location     Type
  unit            1   14[COMRAM] unsigned char 
 Return value:  Size  Location     Type
		None               void
 Registers used:
		wreg
 Tracked objects:
		On entry : 
		On exit  : 
		Unchanged: 
 Data sizes:     COMRAM   BANK0   BANK1   BANK2   BANK3   BANK4   BANK5   BANK6   BANK7
      Params:         0       0       0       0       0       0       0       0       0
      Locals:         1       0       0       0       0       0       0       0       0
      Temps:          0       0       0       0       0       0       0       0       0
      Totals:         1       0       0       0       0       0       0       0       0
Total ram usage:        1 bytes
 Hardware stack levels used:    1
 Hardware stack levels required when called:    1
 This function calls:
		Nothing
 This function is called by:
		_tempo_ms
		_Delay_5500us
 This function uses a non-reentrant model


 *************** function _interrupcao *****************
 Defined at:
		line 9 in file "ExemploLCD.c"
 Parameters:    Size  Location     Type
		None
 Auto vars:     Size  Location     Type
		None
 Return value:  Size  Location     Type
		None               void
 Registers used:
		None
 Tracked objects:
		On entry : 
		On exit  : 
		Unchanged: 
 Data sizes:     COMRAM   BANK0   BANK1   BANK2   BANK3   BANK4   BANK5   BANK6   BANK7
      Params:         0       0       0       0       0       0       0       0       0
      Locals:         0       0       0       0       0       0       0       0       0
      Temps:         14       0       0       0       0       0       0       0       0
      Totals:        14       0       0       0       0       0       0       0       0
Total ram usage:       14 bytes
 Hardware stack levels used:    1
 This function calls:
		Nothing
 This function is called by:
		Interrupt level 2
 This function uses a non-reentrant model



MODULE INFORMATION

Module		Function		Class		Link	Load	Size
C:\Program Files (x86)\Microchip\xc8\v1.31\sources\common\lwmod.c
		___lwmod       		CODE           	7398	0000	70

C:\Program Files (x86)\Microchip\xc8\v1.31\sources\common\lwmod.c estimated size: 70

C:\Program Files (x86)\Microchip\xc8\v1.31\sources\common\awdiv.c
		___awdiv       		CODE           	7828	0000	176

C:\Program Files (x86)\Microchip\xc8\v1.31\sources\common\awdiv.c estimated size: 176

lcd.h
		_Lcd_Chr       		CODE           	73DE	0000	72
		_Lcd_Chr_CP    		CODE           	7C14	0000	300
		_Lcd_Cmd       		CODE           	7AEC	0000	296
		_CGRAM_SanUSB  		CODE           	7618	0000	108
		_lcd_escreve   		CODE           	75AE	0000	106
		_Delay_5us     		CODE           	74E0	0000	102
		_lcd_escreve2  		CODE           	747C	0000	100
		_lcd_ini       		CODE           	79DE	0000	270
		_Delay_5500us  		CODE           	72D0	0000	8

lcd.h estimated size: 1362

C:\Program Files (x86)\Microchip\xc8\v1.31\sources\common\lwdiv.c
		___lwdiv       		CODE           	7426	0000	86

C:\Program Files (x86)\Microchip\xc8\v1.31\sources\common\lwdiv.c estimated size: 86

shared
		__stringdata   		SMALLCONST     	1027	0000	27
		_dpowers       		SMALLCONST     	101D	0000	10
		__initializatio		CODE           	7324	0000	44

shared estimated size: 81

C:\Program Files (x86)\Microchip\xc8\v1.31\sources\common\doprnt.c
		_sprintf       		CODE           	7E9A	0000	358

C:\Program Files (x86)\Microchip\xc8\v1.31\sources\common\doprnt.c estimated size: 358

ExemploLCD.c
		_main          		CODE           	78D8	0000	262
		_interrupcao   		CODE           	1008	0000	26022

ExemploLCD.c estimated size: 26284

C:\Program Files (x86)\Microchip\xc8\v1.31\sources\pic18\d1ktcyx.c
		_Delay1KTCYx   		CODE           	72E4	0000	18

C:\Program Files (x86)\Microchip\xc8\v1.31\sources\pic18\d1ktcyx.c estimated size: 18

SanUSB1X.h
		_clock_int_4MHz		CODE           	7684	0000	108
		_inverte_saida 		CODE           	7D40	0000	346
		_le_eeprom     		CODE           	7308	0000	28
		_tempo_ms      		CODE           	735A	0000	62
		_habilita_canal		CODE           	72F6	0000	18
		_le_AD10bits   		CODE           	778C	0000	156

SanUSB1X.h estimated size: 718

C:\Program Files (x86)\Microchip\xc8\v1.31\sources\common\awmod.c
		___awmod       		CODE           	76F0	0000	156

C:\Program Files (x86)\Microchip\xc8\v1.31\sources\common\awmod.c estimated size: 156

